Frame 0
Penalty for wrong number of hexbugs: -100
Distance between hexbug 0 and 0: 59.12611757957739   Points recived : 1    Hexbug on Fire: False with multiplicator x0
Score: -99

Frame 1
Penalty for wrong number of hexbugs: -100
Distance between hexbug 0 and 0: 40.11553562422361   Points recived : 1    Hexbug on Fire: True with multiplicator x1
Score: -198

Frame 2
Penalty for wrong number of hexbugs: -100
Distance between hexbug 0 and 0: 11.535898215435976   Points recived : 15    Hexbug on Fire: True with multiplicator x1
Score: -283

Frame 3
Penalty for wrong number of hexbugs: -100
Distance between hexbug 0 and 0: 5.850402881290057   Points recived : 25    Hexbug on Fire: True with multiplicator x1
Score: -358

Frame 4
Penalty for wrong number of hexbugs: -100
Distance between hexbug 0 and 0: 5.0896219958600755   Points recived : 25    Hexbug on Fire: True with multiplicator x1
Score: -433

Frame 5
Penalty for wrong number of hexbugs: -100
Distance between hexbug 0 and 0: 5.5511044533651885   Points recived : 25    Hexbug on Fire: True with multiplicator x1
Score: -508

Frame 6
Penalty for wrong number of hexbugs: -200
Distance between hexbug 0 and 0: 23.695651985890283   Points recived : 5    Hexbug on Fire: True with multiplicator x1
Score: -703

Frame 7
Penalty for wrong number of hexbugs: -200
Distance between hexbug 0 and 0: 5.791939977070543   Points recived : 25    Hexbug on Fire: True with multiplicator x1
Score: -878

Frame 8
Penalty for wrong number of hexbugs: -200
Distance between hexbug 0 and 0: 43.61678055045027   Points recived : 1    Hexbug on Fire: True with multiplicator x1
Score: -1077

Frame 9
Penalty for wrong number of hexbugs: -200
Distance between hexbug 0 and 0: 6.129936075491717   Points recived : 25    Hexbug on Fire: True with multiplicator x1
Score: -1252

Frame 10
Penalty for wrong number of hexbugs: -200
Distance between hexbug 0 and 0: 51.99244528386036   Points recived : 1    Hexbug on Fire: True with multiplicator x1
Score: -1451

Frame 11
Penalty for wrong number of hexbugs: -200
Distance between hexbug 0 and 0: 57.97545542114932   Points recived : 1    Hexbug on Fire: True with multiplicator x1
Score: -1650

Frame 12
Penalty for wrong number of hexbugs: -200
Distance between hexbug 0 and 0: 6.710519929622859   Points recived : 25    Hexbug on Fire: True with multiplicator x1
Score: -1825

Frame 13
Penalty for wrong number of hexbugs: -400
Penalty for wrong ID for hexbug: 0 which was hexbug 0 and now is hexbug 3.Penalty : -50
Distance between hexbug 0 and 3: 60.775136056912594   Points recived : 1    Hexbug on Fire: False with multiplicator x0
Score: -2274

Frame 14
Penalty for wrong number of hexbugs: -400
Distance between hexbug 0 and 3: 17.772034288467516   Points recived : 10    Hexbug on Fire: True with multiplicator x1
Score: -2664

Frame 15
Penalty for wrong number of hexbugs: -400
Penalty for wrong ID for hexbug: 0 which was hexbug 3 and now is hexbug 0.Penalty : -50
Distance between hexbug 0 and 0: 31.385395897522695   Points recived : 1    Hexbug on Fire: False with multiplicator x0
Score: -3113

Frame 16
Penalty for wrong number of hexbugs: -400
Distance between hexbug 0 and 0: 18.345762804875427   Points recived : 10    Hexbug on Fire: True with multiplicator x1
Score: -3503

Frame 17
Penalty for wrong number of hexbugs: -300
Penalty for wrong ID for hexbug: 0 which was hexbug 0 and now is hexbug 3.Penalty : -50
Distance between hexbug 0 and 3: 12.413941420774103   Points recived : 15    Hexbug on Fire: False with multiplicator x0
Score: -3838

Frame 18
Penalty for wrong number of hexbugs: -400
Distance between hexbug 0 and 3: 6.632381503913959   Points recived : 25    Hexbug on Fire: True with multiplicator x1
Score: -4213

Frame 19
Penalty for wrong number of hexbugs: -400
Penalty for wrong ID for hexbug: 0 which was hexbug 3 and now is hexbug 0.Penalty : -50
Distance between hexbug 0 and 0: 12.666296923036867   Points recived : 15    Hexbug on Fire: False with multiplicator x0
Score: -4648

Frame 20
Penalty for wrong number of hexbugs: -400
Distance between hexbug 0 and 0: 55.96324308094297   Points recived : 1    Hexbug on Fire: True with multiplicator x1
Score: -5047

Frame 21
Penalty for wrong number of hexbugs: -400
Penalty for wrong ID for hexbug: 0 which was hexbug 0 and now is hexbug 3.Penalty : -50
Distance between hexbug 0 and 3: 48.59043122397768   Points recived : 1    Hexbug on Fire: False with multiplicator x0
Score: -5496

Frame 22
Penalty for wrong number of hexbugs: -400
Distance between hexbug 0 and 3: 10.645678258778592   Points recived : 15    Hexbug on Fire: True with multiplicator x1
Score: -5881

Frame 23
Penalty for wrong number of hexbugs: -400
Distance between hexbug 0 and 3: 26.58023219092748   Points recived : 1    Hexbug on Fire: True with multiplicator x1
Score: -6280

Frame 24
Penalty for wrong number of hexbugs: -400
Distance between hexbug 0 and 3: 4.531847715671311   Points recived : 50    Hexbug on Fire: True with multiplicator x1
Score: -6630

Frame 25
Penalty for wrong number of hexbugs: -400
Distance between hexbug 0 and 3: 4.311559064300585   Points recived : 50    Hexbug on Fire: True with multiplicator x1
Score: -6980

Frame 26
Penalty for wrong number of hexbugs: -400
Distance between hexbug 0 and 3: 2.0738833608946265   Points recived : 50    Hexbug on Fire: True with multiplicator x1
Score: -7330

Frame 27
Penalty for wrong number of hexbugs: -400
Distance between hexbug 0 and 3: 2.366625223677865   Points recived : 50    Hexbug on Fire: True with multiplicator x1
Score: -7680

Frame 28
Penalty for wrong number of hexbugs: -300
Penalty for wrong ID for hexbug: 0 which was hexbug 3 and now is hexbug 4.Penalty : -50
Distance between hexbug 0 and 4: 31.543467078746865   Points recived : 1    Hexbug on Fire: False with multiplicator x0
Score: -8029

Frame 29
Penalty for wrong number of hexbugs: -300
Distance between hexbug 0 and 4: 8.697556314119803   Points recived : 25    Hexbug on Fire: True with multiplicator x1
Score: -8304

Frame 30
Penalty for wrong number of hexbugs: -300
Distance between hexbug 0 and 4: 10.15398159442227   Points recived : 15    Hexbug on Fire: True with multiplicator x1
Score: -8589

Frame 31
Penalty for wrong number of hexbugs: -300
Distance between hexbug 0 and 4: 5.563482609015192   Points recived : 25    Hexbug on Fire: True with multiplicator x1
Score: -8864

Frame 32
Penalty for wrong number of hexbugs: -300
Penalty for wrong ID for hexbug: 0 which was hexbug 4 and now is hexbug 0.Penalty : -50
Distance between hexbug 0 and 0: 6.558434574530316   Points recived : 25    Hexbug on Fire: False with multiplicator x0
Score: -9189

Frame 33
Penalty for wrong number of hexbugs: -300
Distance between hexbug 0 and 0: 3.292205730990487   Points recived : 50    Hexbug on Fire: True with multiplicator x1
Score: -9439

Frame 34
Penalty for wrong number of hexbugs: -300
Distance between hexbug 0 and 0: 8.140870555009828   Points recived : 25    Hexbug on Fire: True with multiplicator x1
Score: -9714

Frame 35
Penalty for wrong number of hexbugs: -200
Distance between hexbug 0 and 0: 3.8396542868371357   Points recived : 50    Hexbug on Fire: True with multiplicator x1
Score: -9864

Frame 36
Penalty for wrong number of hexbugs: -200
Penalty for wrong ID for hexbug: 0 which was hexbug 0 and now is hexbug 4.Penalty : -50
Distance between hexbug 0 and 4: 2.0824332344004204   Points recived : 50    Hexbug on Fire: False with multiplicator x0
Score: -10064

Frame 37
Penalty for wrong number of hexbugs: -200
Distance between hexbug 0 and 4: 4.807655404070385   Points recived : 50    Hexbug on Fire: True with multiplicator x1
Score: -10214

Frame 38
Penalty for wrong number of hexbugs: -300
Distance between hexbug 0 and 4: 5.9850624091141045   Points recived : 25    Hexbug on Fire: True with multiplicator x1
Score: -10489

Frame 39
Penalty for wrong number of hexbugs: -300
Distance between hexbug 0 and 4: 10.174789981778892   Points recived : 15    Hexbug on Fire: True with multiplicator x1
Score: -10774

Frame 40
Penalty for wrong number of hexbugs: -300
Distance between hexbug 0 and 4: 10.224229643970313   Points recived : 15    Hexbug on Fire: True with multiplicator x1
Score: -11059

Frame 41
Penalty for wrong number of hexbugs: -300
Distance between hexbug 0 and 4: 3.474056689059142   Points recived : 50    Hexbug on Fire: True with multiplicator x1
Score: -11309

Frame 42
Penalty for wrong number of hexbugs: -300
Distance between hexbug 0 and 4: 0.98688852710609   Points recived : 100    Hexbug on Fire: True with multiplicator x1
Score: -11509

Frame 43
Penalty for wrong number of hexbugs: -300
Distance between hexbug 0 and 4: 4.838647548414149   Points recived : 50    Hexbug on Fire: True with multiplicator x1
Score: -11759

Frame 44
Penalty for wrong number of hexbugs: -300
Distance between hexbug 0 and 4: 2.3348639190919123   Points recived : 50    Hexbug on Fire: True with multiplicator x1
Score: -12009

Frame 45
Penalty for wrong number of hexbugs: -300
Penalty for wrong ID for hexbug: 0 which was hexbug 4 and now is hexbug 6.Penalty : -50
Distance between hexbug 0 and 6: 10.799533188914827   Points recived : 15    Hexbug on Fire: False with multiplicator x0
Score: -12344

Frame 46
Penalty for wrong number of hexbugs: -300
Distance between hexbug 0 and 6: 17.013696167262903   Points recived : 10    Hexbug on Fire: True with multiplicator x1
Score: -12634

Frame 47
Penalty for wrong number of hexbugs: -300
Distance between hexbug 0 and 6: 16.950963505480274   Points recived : 10    Hexbug on Fire: True with multiplicator x1
Score: -12924

Frame 48
Penalty for wrong number of hexbugs: -300
Distance between hexbug 0 and 6: 3.047178655621206   Points recived : 50    Hexbug on Fire: True with multiplicator x1
Score: -13174

Frame 49
Penalty for wrong number of hexbugs: -400
Distance between hexbug 0 and 6: 9.086260807794497   Points recived : 25    Hexbug on Fire: True with multiplicator x1
Score: -13549

Frame 50
Penalty for wrong number of hexbugs: -400
Distance between hexbug 0 and 6: 3.9077643901724874   Points recived : 50    Hexbug on Fire: True with multiplicator x1
Score: -13899

Frame 51
Penalty for wrong number of hexbugs: -400
Penalty for wrong ID for hexbug: 0 which was hexbug 6 and now is hexbug 7.Penalty : -50
Distance between hexbug 0 and 7: 4.818587755778395   Points recived : 50    Hexbug on Fire: False with multiplicator x0
Score: -14299

Frame 52
Penalty for wrong number of hexbugs: -400
Penalty for wrong ID for hexbug: 0 which was hexbug 7 and now is hexbug 6.Penalty : -50
Distance between hexbug 0 and 6: 4.524319407699012   Points recived : 50    Hexbug on Fire: False with multiplicator x0
Score: -14699

Frame 53
Penalty for wrong number of hexbugs: -400
Distance between hexbug 0 and 6: 2.6354490236900308   Points recived : 50    Hexbug on Fire: True with multiplicator x1
Score: -15049

Frame 54
Penalty for wrong number of hexbugs: -400
Distance between hexbug 0 and 6: 17.73611560790049   Points recived : 10    Hexbug on Fire: True with multiplicator x1
Score: -15439

Frame 55
Penalty for wrong number of hexbugs: -400
Distance between hexbug 0 and 6: 31.06225371635363   Points recived : 1    Hexbug on Fire: True with multiplicator x1
Score: -15838

Frame 56
Penalty for wrong number of hexbugs: -400
Distance between hexbug 0 and 6: 4.3703602222633   Points recived : 50    Hexbug on Fire: True with multiplicator x1
Score: -16188

Frame 57
Penalty for wrong number of hexbugs: -300
Distance between hexbug 0 and 6: 0.40530318124432435   Points recived : 100    Hexbug on Fire: True with multiplicator x1
Score: -16388

Frame 58
Penalty for wrong number of hexbugs: -200
Distance between hexbug 0 and 6: 5.633406114301739   Points recived : 25    Hexbug on Fire: True with multiplicator x1
Score: -16563

Frame 59
Penalty for wrong number of hexbugs: -200
Distance between hexbug 0 and 6: 18.15754156377535   Points recived : 10    Hexbug on Fire: True with multiplicator x1
Score: -16753

Frame 60
Penalty for wrong number of hexbugs: -200
Distance between hexbug 0 and 6: 20.875325756866527   Points recived : 5    Hexbug on Fire: True with multiplicator x1
Score: -16948

Frame 61
Penalty for wrong number of hexbugs: -200
Distance between hexbug 0 and 6: 7.311804445600505   Points recived : 25    Hexbug on Fire: True with multiplicator x1
Score: -17123

Frame 62
Penalty for wrong number of hexbugs: -200
Distance between hexbug 0 and 6: 7.231525851281534   Points recived : 25    Hexbug on Fire: True with multiplicator x1
Score: -17298

Frame 63
Penalty for wrong number of hexbugs: -200
Distance between hexbug 0 and 6: 30.81956453230266   Points recived : 1    Hexbug on Fire: True with multiplicator x1
Score: -17497

Frame 64
Penalty for wrong number of hexbugs: -100
Distance between hexbug 0 and 6: 3.6311248376799634   Points recived : 50    Hexbug on Fire: True with multiplicator x1
Score: -17547

Frame 65
Penalty for wrong number of hexbugs: -100
Penalty for wrong ID for hexbug: 0 which was hexbug 6 and now is hexbug 3.Penalty : -50
Distance between hexbug 0 and 3: 34.293685776679474   Points recived : 1    Hexbug on Fire: False with multiplicator x0
Score: -17696

Frame 66
Penalty for wrong number of hexbugs: -100
Penalty for wrong ID for hexbug: 0 which was hexbug 3 and now is hexbug 6.Penalty : -50
Distance between hexbug 0 and 6: 6.6722183203479295   Points recived : 25    Hexbug on Fire: False with multiplicator x0
Score: -17821

Frame 67
Penalty for wrong number of hexbugs: -100
Distance between hexbug 0 and 6: 44.641261850407226   Points recived : 1    Hexbug on Fire: True with multiplicator x1
Score: -17920

Frame 68
Penalty for wrong number of hexbugs: -100
Distance between hexbug 0 and 6: 34.79569222018728   Points recived : 1    Hexbug on Fire: True with multiplicator x1
Score: -18019

Frame 69
Penalty for wrong number of hexbugs: -200
Distance between hexbug 0 and 6: 16.92807982702637   Points recived : 10    Hexbug on Fire: True with multiplicator x1
Score: -18209

Frame 70
Penalty for wrong number of hexbugs: -200
Distance between hexbug 0 and 6: 58.16893410523619   Points recived : 1    Hexbug on Fire: True with multiplicator x1
Score: -18408

Frame 71
Penalty for wrong number of hexbugs: -200
Distance between hexbug 0 and 6: 46.733936263131326   Points recived : 1    Hexbug on Fire: True with multiplicator x1
Score: -18607

Frame 72
Penalty for wrong number of hexbugs: -200
Distance between hexbug 0 and 6: 19.42443630604182   Points recived : 10    Hexbug on Fire: True with multiplicator x1
Score: -18797

Frame 73
Penalty for wrong number of hexbugs: -200
Distance between hexbug 0 and 6: 13.89642841938259   Points recived : 15    Hexbug on Fire: True with multiplicator x1
Score: -18982

Frame 74
Penalty for wrong number of hexbugs: -200
Distance between hexbug 0 and 6: 60.34330505660582   Points recived : 1    Hexbug on Fire: True with multiplicator x1
Score: -19181

Frame 75
Penalty for wrong number of hexbugs: -200
Distance between hexbug 0 and 6: 8.558227821444698   Points recived : 25    Hexbug on Fire: True with multiplicator x1
Score: -19356

Frame 76
Penalty for wrong number of hexbugs: -200
Distance between hexbug 0 and 6: 27.952430682725495   Points recived : 1    Hexbug on Fire: True with multiplicator x1
Score: -19555

Frame 77
Penalty for wrong number of hexbugs: -300
Distance between hexbug 0 and 6: 5.477577937325441   Points recived : 25    Hexbug on Fire: True with multiplicator x1
Score: -19830

Frame 78
Penalty for wrong number of hexbugs: -300
Distance between hexbug 0 and 6: 39.832102371173654   Points recived : 1    Hexbug on Fire: True with multiplicator x1
Score: -20129

Frame 79
Penalty for wrong number of hexbugs: -300
Distance between hexbug 0 and 6: 25.56410665316373   Points recived : 1    Hexbug on Fire: True with multiplicator x1
Score: -20428

Frame 80
Penalty for wrong number of hexbugs: -300
Distance between hexbug 0 and 6: 5.820692248586245   Points recived : 25    Hexbug on Fire: True with multiplicator x1
Score: -20703

Frame 81
Penalty for wrong number of hexbugs: -300
Distance between hexbug 0 and 6: 21.915575749898096   Points recived : 5    Hexbug on Fire: True with multiplicator x1
Score: -20998

Frame 82
Penalty for wrong number of hexbugs: -300
Distance between hexbug 0 and 6: 12.46588229590792   Points recived : 15    Hexbug on Fire: True with multiplicator x1
Score: -21283

Frame 83
Penalty for wrong number of hexbugs: -200
Distance between hexbug 0 and 6: 4.546090082639209   Points recived : 50    Hexbug on Fire: True with multiplicator x1
Score: -21433

Frame 84
Penalty for wrong number of hexbugs: -300
Distance between hexbug 0 and 6: 8.09755512211329   Points recived : 25    Hexbug on Fire: True with multiplicator x1
Score: -21708

Frame 85
Penalty for wrong number of hexbugs: -300
Penalty for wrong ID for hexbug: 0 which was hexbug 6 and now is hexbug 10.Penalty : -50
Distance between hexbug 0 and 10: 32.22208887899465   Points recived : 1    Hexbug on Fire: False with multiplicator x0
Score: -22057

Frame 86
Penalty for wrong number of hexbugs: -300
Distance between hexbug 0 and 10: 9.31407556562246   Points recived : 25    Hexbug on Fire: True with multiplicator x1
Score: -22332

Frame 87
Penalty for wrong number of hexbugs: -200
Distance between hexbug 0 and 10: 16.384088781301372   Points recived : 10    Hexbug on Fire: True with multiplicator x1
Score: -22522

Frame 88
Penalty for wrong number of hexbugs: -200
Distance between hexbug 0 and 10: 52.47572373932499   Points recived : 1    Hexbug on Fire: True with multiplicator x1
Score: -22721

Frame 89
Penalty for wrong number of hexbugs: -200
Penalty for wrong ID for hexbug: 0 which was hexbug 10 and now is hexbug 9.Penalty : -50
Distance between hexbug 0 and 9: 33.829414252906695   Points recived : 1    Hexbug on Fire: False with multiplicator x0
Score: -22970

Frame 90
Penalty for wrong number of hexbugs: -200
Penalty for wrong ID for hexbug: 0 which was hexbug 9 and now is hexbug 10.Penalty : -50
Distance between hexbug 0 and 10: 31.05692932171823   Points recived : 1    Hexbug on Fire: False with multiplicator x0
Score: -23219

Frame 91
Penalty for wrong number of hexbugs: -200
Penalty for wrong ID for hexbug: 0 which was hexbug 10 and now is hexbug 9.Penalty : -50
Distance between hexbug 0 and 9: 29.2193673235489   Points recived : 1    Hexbug on Fire: False with multiplicator x0
Score: -23468

Frame 92
Penalty for wrong number of hexbugs: -200
Distance between hexbug 0 and 9: 3.2308864198396376   Points recived : 50    Hexbug on Fire: True with multiplicator x1
Score: -23618

Frame 93
Penalty for wrong number of hexbugs: -200
Distance between hexbug 0 and 9: 44.34053979660332   Points recived : 1    Hexbug on Fire: True with multiplicator x1
Score: -23817

Frame 94
Penalty for wrong number of hexbugs: -200
Distance between hexbug 0 and 9: 16.321927591160822   Points recived : 10    Hexbug on Fire: True with multiplicator x1
Score: -24007

Frame 95
Penalty for wrong number of hexbugs: -200
Distance between hexbug 0 and 9: 5.12810548038312   Points recived : 25    Hexbug on Fire: True with multiplicator x1
Score: -24182

Frame 96
Penalty for wrong number of hexbugs: -200
Distance between hexbug 0 and 9: 32.72851887719287   Points recived : 1    Hexbug on Fire: True with multiplicator x1
Score: -24381

Frame 97
Penalty for wrong number of hexbugs: -200
Distance between hexbug 0 and 9: 121.39665234186408   Points recived : 1    Hexbug on Fire: True with multiplicator x1
Score: -24580

Frame 98
Penalty for wrong number of hexbugs: -200
Distance between hexbug 0 and 9: 165.47376159464318   Points recived : 1    Hexbug on Fire: True with multiplicator x1
Score: -24779

Frame 99
Penalty for wrong number of hexbugs: -200
Distance between hexbug 0 and 9: 138.91615121659385   Points recived : 1    Hexbug on Fire: True with multiplicator x1
Score: -24978

Frame 100
Penalty for wrong number of hexbugs: -200
Distance between hexbug 0 and 9: 63.89239256674751   Points recived : 1    Hexbug on Fire: True with multiplicator x1
Score: -25177


Final score: -25177
